// Jest Snapshot v1, https://goo.gl/fbAQLP

exports[`Should second part of writing section render correctly 1`] = `
<article>
  <header>
    <h1>
      TOEFL. Independent Writing
    </h1>
  </header>
  <span>
    TIMER: 
    20
  </span>
  <form>
    <textarea>
       
    </textarea>
    <button
      onClick={[Function]}
    >
      Next
    </button>
  </form>
</article>
`;
